// Vitest Snapshot v1, https://vitest.dev/guide/snapshot.html

exports[`app-business profile contract snapshot > has 19 validation rules 1`] = `
[
  "architecture.authentication_dependency",
  "architecture.multi_device_sync_dependency",
  "architecture.offline_first_dependency",
  "economics.ai_cost_risk",
  "economics.cac_assumption_required",
  "economics.pricing_required",
  "economics.variable_costs_required",
  "foundation.alternative_required",
  "foundation.problem_required",
  "foundation.target_user_required",
  "gtm.distribution_channel_required",
  "gtm.paid_acquisition_risk",
  "market.competitors_required",
  "market.icp_required",
  "operations.metrics_required",
  "operations.support_model_required",
  "product.activation_moment_required",
  "product.core_loop_required",
  "product.mvp_scope_required",
]
`;

exports[`app-business profile contract snapshot > has all 32 canonical documents 1`] = `
[
  "architecture.api_spec",
  "architecture.architecture",
  "architecture.data_model",
  "architecture.tech_stack",
  "business.business_model",
  "business.positioning",
  "design.design_direction",
  "design.onboarding",
  "design.ux_flows",
  "economics.break_even",
  "economics.financial_model",
  "economics.pricing",
  "governance.decision_log",
  "governance.risk_register",
  "gtm.content_strategy",
  "gtm.launch_plan",
  "gtm.marketing_strategy",
  "implementation.development_standards",
  "implementation.implementation_plan",
  "intake.assumptions",
  "intake.idea_brief",
  "intake.open_questions",
  "market.competitor_matrix",
  "market.icp",
  "market.market_analysis",
  "operations.metrics",
  "operations.operations",
  "operations.support_model",
  "product.mvp_scope",
  "product.product_thesis",
  "product.roadmap",
  "testing.testing_strategy",
]
`;

exports[`app-business profile contract snapshot > has all canonical document output paths 1`] = `
[
  "docs/00-intake/ASSUMPTIONS.md",
  "docs/00-intake/IDEA_BRIEF.md",
  "docs/00-intake/OPEN_QUESTIONS.md",
  "docs/01-market/COMPETITOR_MATRIX.md",
  "docs/01-market/ICP.md",
  "docs/01-market/MARKET_ANALYSIS.md",
  "docs/02-business/BUSINESS_MODEL.md",
  "docs/02-business/POSITIONING.md",
  "docs/03-economics/BREAK_EVEN.md",
  "docs/03-economics/FINANCIAL_MODEL.md",
  "docs/03-economics/PRICING.md",
  "docs/04-product/MVP_SCOPE.md",
  "docs/04-product/PRODUCT_THESIS.md",
  "docs/04-product/ROADMAP.md",
  "docs/05-design/DESIGN_DIRECTION.md",
  "docs/05-design/ONBOARDING.md",
  "docs/05-design/UX_FLOWS.md",
  "docs/06-architecture/API_SPEC.md",
  "docs/06-architecture/ARCHITECTURE.md",
  "docs/06-architecture/DATA_MODEL.md",
  "docs/06-architecture/TECH_STACK.md",
  "docs/07-implementation/DEVELOPMENT_STANDARDS.md",
  "docs/07-implementation/IMPLEMENTATION_PLAN.md",
  "docs/08-testing/TESTING_STRATEGY.md",
  "docs/09-go-to-market/CONTENT_STRATEGY.md",
  "docs/09-go-to-market/LAUNCH_PLAN.md",
  "docs/09-go-to-market/MARKETING_STRATEGY.md",
  "docs/10-operations/METRICS.md",
  "docs/10-operations/OPERATIONS.md",
  "docs/10-operations/SUPPORT_MODEL.md",
  "docs/11-governance/DECISION_LOG.md",
  "docs/11-governance/RISK_REGISTER.md",
]
`;
