// Vitest Snapshot v1, https://vitest.dev/guide/snapshot.html

exports[`traceability security snapshots > snapshot metadata header addon with secrets 1`] = `
{
  "metadataHeaderAddon": "boundary: canonical
sourceCount: 1
claimCount: 0
reviewRequiredCount: 0
inferredClaimCount: 0
unresolvedQuestionCount: 0
blockingOpenQuestionCount: 0
missingSourceCount: 0",
  "traceabilitySection": "## Traceability Summary

- **Output Kind:** Canonical Markdown
- **Boundary:** Canonical editable output
- **Sources:** 1
- **Claims:** 0
- **Review Required:** 0
- **Inferred Claims:** 0
- **Unresolved Questions:** 0
- **Missing Sources:** 0

### Sources

| Source ID | Type | Status | Confidence | Title | Document | Phase | Review |
| --------- | ---- | ------ | ---------- | ----- | -------- | ----- | ------ |
| src-001 | document | confirmed | ✓ explicit | Bearer [REDACTED] | - | - | ✓ approved |
",
}
`;

exports[`traceability security snapshots > snapshot rendered metadata with redacted title 1`] = `
{
  "confidence": "explicit",
  "sourceId": "src-001",
  "title": "Contains [REDACTED]",
}
`;
