// Vitest Snapshot v1, https://vitest.dev/guide/snapshot.html

exports[`loadDocumentationContract > Standard profile success > Standard contract index matches snapshot 1`] = `
[
  {
    "canonicalDocumentId": "01-thesis",
    "documentId": "01-thesis",
    "documentOrder": 0,
    "globalOrder": 0,
    "phaseId": "01-foundation",
    "phaseOrder": 1,
    "sourcePath": "phases/01-foundation/01-thesis.yml",
  },
  {
    "canonicalDocumentId": "02-problem",
    "documentId": "02-problem",
    "documentOrder": 1,
    "globalOrder": 1,
    "phaseId": "01-foundation",
    "phaseOrder": 1,
    "sourcePath": "phases/01-foundation/02-problem.yml",
  },
  {
    "canonicalDocumentId": "03-audience",
    "documentId": "03-audience",
    "documentOrder": 2,
    "globalOrder": 2,
    "phaseId": "01-foundation",
    "phaseOrder": 1,
    "sourcePath": "phases/01-foundation/03-audience.yml",
  },
  {
    "canonicalDocumentId": "04-principles",
    "documentId": "04-principles",
    "documentOrder": 3,
    "globalOrder": 3,
    "phaseId": "01-foundation",
    "phaseOrder": 1,
    "sourcePath": "phases/01-foundation/04-principles.yml",
  },
  {
    "canonicalDocumentId": "05-boundaries",
    "documentId": "05-boundaries",
    "documentOrder": 4,
    "globalOrder": 4,
    "phaseId": "01-foundation",
    "phaseOrder": 1,
    "sourcePath": "phases/01-foundation/05-boundaries.yml",
  },
  {
    "canonicalDocumentId": "06-success-definition",
    "documentId": "06-success-definition",
    "documentOrder": 5,
    "globalOrder": 5,
    "phaseId": "01-foundation",
    "phaseOrder": 1,
    "sourcePath": "phases/01-foundation/06-success-definition.yml",
  },
  {
    "canonicalDocumentId": "07-glossary",
    "documentId": "07-glossary",
    "documentOrder": 6,
    "globalOrder": 6,
    "phaseId": "01-foundation",
    "phaseOrder": 1,
    "sourcePath": "phases/01-foundation/07-glossary.yml",
  },
  {
    "canonicalDocumentId": "01-validation-strategy",
    "documentId": "01-validation-strategy",
    "documentOrder": 0,
    "globalOrder": 7,
    "phaseId": "02-validation",
    "phaseOrder": 2,
    "sourcePath": "phases/02-validation/01-validation-strategy.yml",
  },
  {
    "canonicalDocumentId": "02-core-assumptions",
    "documentId": "02-core-assumptions",
    "documentOrder": 1,
    "globalOrder": 8,
    "phaseId": "02-validation",
    "phaseOrder": 2,
    "sourcePath": "phases/02-validation/02-core-assumptions.yml",
  },
  {
    "canonicalDocumentId": "03-hypotheses",
    "documentId": "03-hypotheses",
    "documentOrder": 2,
    "globalOrder": 9,
    "phaseId": "02-validation",
    "phaseOrder": 2,
    "sourcePath": "phases/02-validation/03-hypotheses.yml",
  },
  {
    "canonicalDocumentId": "04-research-plan",
    "documentId": "04-research-plan",
    "documentOrder": 3,
    "globalOrder": 10,
    "phaseId": "02-validation",
    "phaseOrder": 2,
    "sourcePath": "phases/02-validation/04-research-plan.yml",
  },
  {
    "canonicalDocumentId": "05-experiments",
    "documentId": "05-experiments",
    "documentOrder": 4,
    "globalOrder": 11,
    "phaseId": "02-validation",
    "phaseOrder": 2,
    "sourcePath": "phases/02-validation/05-experiments.yml",
  },
  {
    "canonicalDocumentId": "06-economic-model",
    "documentId": "06-economic-model",
    "documentOrder": 5,
    "globalOrder": 12,
    "phaseId": "02-validation",
    "phaseOrder": 2,
    "sourcePath": "phases/02-validation/06-economic-model.yml",
  },
  {
    "canonicalDocumentId": "07-business-model",
    "documentId": "07-business-model",
    "documentOrder": 6,
    "globalOrder": 13,
    "phaseId": "02-validation",
    "phaseOrder": 2,
    "sourcePath": "phases/02-validation/07-business-model.yml",
  },
  {
    "canonicalDocumentId": "08-evidence-log",
    "documentId": "08-evidence-log",
    "documentOrder": 7,
    "globalOrder": 14,
    "phaseId": "02-validation",
    "phaseOrder": 2,
    "sourcePath": "phases/02-validation/08-evidence-log.yml",
  },
  {
    "canonicalDocumentId": "09-decision-record",
    "documentId": "09-decision-record",
    "documentOrder": 8,
    "globalOrder": 15,
    "phaseId": "02-validation",
    "phaseOrder": 2,
    "sourcePath": "phases/02-validation/09-decision-record.yml",
  },
  {
    "canonicalDocumentId": "10-validation-report",
    "documentId": "10-validation-report",
    "documentOrder": 9,
    "globalOrder": 16,
    "phaseId": "02-validation",
    "phaseOrder": 2,
    "sourcePath": "phases/02-validation/10-validation-report.yml",
  },
  {
    "canonicalDocumentId": "01-product-brief",
    "documentId": "01-product-brief",
    "documentOrder": 0,
    "globalOrder": 17,
    "phaseId": "03-product",
    "phaseOrder": 3,
    "sourcePath": "phases/03-product/01-product-brief.yml",
  },
  {
    "canonicalDocumentId": "02-scope",
    "documentId": "02-scope",
    "documentOrder": 1,
    "globalOrder": 18,
    "phaseId": "03-product",
    "phaseOrder": 3,
    "sourcePath": "phases/03-product/02-scope.yml",
  },
  {
    "canonicalDocumentId": "03-user-journeys",
    "documentId": "03-user-journeys",
    "documentOrder": 2,
    "globalOrder": 19,
    "phaseId": "03-product",
    "phaseOrder": 3,
    "sourcePath": "phases/03-product/03-user-journeys.yml",
  },
  {
    "canonicalDocumentId": "04-ux-model",
    "documentId": "04-ux-model",
    "documentOrder": 3,
    "globalOrder": 20,
    "phaseId": "03-product",
    "phaseOrder": 3,
    "sourcePath": "phases/03-product/04-ux-model.yml",
  },
  {
    "canonicalDocumentId": "05-information-architecture",
    "documentId": "05-information-architecture",
    "documentOrder": 4,
    "globalOrder": 21,
    "phaseId": "03-product",
    "phaseOrder": 3,
    "sourcePath": "phases/03-product/05-information-architecture.yml",
  },
  {
    "canonicalDocumentId": "06-interaction-model",
    "documentId": "06-interaction-model",
    "documentOrder": 5,
    "globalOrder": 22,
    "phaseId": "03-product",
    "phaseOrder": 3,
    "sourcePath": "phases/03-product/06-interaction-model.yml",
  },
  {
    "canonicalDocumentId": "07-ui-specification",
    "documentId": "07-ui-specification",
    "documentOrder": 6,
    "globalOrder": 23,
    "phaseId": "03-product",
    "phaseOrder": 3,
    "sourcePath": "phases/03-product/07-ui-specification.yml",
  },
  {
    "canonicalDocumentId": "08-design-system",
    "documentId": "08-design-system",
    "documentOrder": 7,
    "globalOrder": 24,
    "phaseId": "03-product",
    "phaseOrder": 3,
    "sourcePath": "phases/03-product/08-design-system.yml",
  },
  {
    "canonicalDocumentId": "09-product-architecture",
    "documentId": "09-product-architecture",
    "documentOrder": 8,
    "globalOrder": 25,
    "phaseId": "03-product",
    "phaseOrder": 3,
    "sourcePath": "phases/03-product/09-product-architecture.yml",
  },
  {
    "canonicalDocumentId": "10-functional-requirements",
    "documentId": "10-functional-requirements",
    "documentOrder": 9,
    "globalOrder": 26,
    "phaseId": "03-product",
    "phaseOrder": 3,
    "sourcePath": "phases/03-product/10-functional-requirements.yml",
  },
  {
    "canonicalDocumentId": "11-non-functional-requirements",
    "documentId": "11-non-functional-requirements",
    "documentOrder": 10,
    "globalOrder": 27,
    "phaseId": "03-product",
    "phaseOrder": 3,
    "sourcePath": "phases/03-product/11-non-functional-requirements.yml",
  },
  {
    "canonicalDocumentId": "12-product-stack",
    "documentId": "12-product-stack",
    "documentOrder": 11,
    "globalOrder": 28,
    "phaseId": "03-product",
    "phaseOrder": 3,
    "sourcePath": "phases/03-product/12-product-stack.yml",
  },
  {
    "canonicalDocumentId": "13-acceptance-criteria",
    "documentId": "13-acceptance-criteria",
    "documentOrder": 12,
    "globalOrder": 29,
    "phaseId": "03-product",
    "phaseOrder": 3,
    "sourcePath": "phases/03-product/13-acceptance-criteria.yml",
  },
  {
    "canonicalDocumentId": "01-engineering-brief",
    "documentId": "01-engineering-brief",
    "documentOrder": 0,
    "globalOrder": 30,
    "phaseId": "04-engineering",
    "phaseOrder": 4,
    "sourcePath": "phases/04-engineering/01-engineering-brief.yml",
  },
  {
    "canonicalDocumentId": "02-system-architecture",
    "documentId": "02-system-architecture",
    "documentOrder": 1,
    "globalOrder": 31,
    "phaseId": "04-engineering",
    "phaseOrder": 4,
    "sourcePath": "phases/04-engineering/02-system-architecture.yml",
  },
  {
    "canonicalDocumentId": "03-technical-stack",
    "documentId": "03-technical-stack",
    "documentOrder": 2,
    "globalOrder": 32,
    "phaseId": "04-engineering",
    "phaseOrder": 4,
    "sourcePath": "phases/04-engineering/03-technical-stack.yml",
  },
  {
    "canonicalDocumentId": "04-domain-model",
    "documentId": "04-domain-model",
    "documentOrder": 3,
    "globalOrder": 33,
    "phaseId": "04-engineering",
    "phaseOrder": 4,
    "sourcePath": "phases/04-engineering/04-domain-model.yml",
  },
  {
    "canonicalDocumentId": "05-data-model",
    "documentId": "05-data-model",
    "documentOrder": 4,
    "globalOrder": 34,
    "phaseId": "04-engineering",
    "phaseOrder": 4,
    "sourcePath": "phases/04-engineering/05-data-model.yml",
  },
  {
    "canonicalDocumentId": "06-api-contracts",
    "documentId": "06-api-contracts",
    "documentOrder": 5,
    "globalOrder": 35,
    "phaseId": "04-engineering",
    "phaseOrder": 4,
    "sourcePath": "phases/04-engineering/06-api-contracts.yml",
  },
  {
    "canonicalDocumentId": "07-integration-architecture",
    "documentId": "07-integration-architecture",
    "documentOrder": 6,
    "globalOrder": 36,
    "phaseId": "04-engineering",
    "phaseOrder": 4,
    "sourcePath": "phases/04-engineering/07-integration-architecture.yml",
  },
  {
    "canonicalDocumentId": "08-security-and-privacy",
    "documentId": "08-security-and-privacy",
    "documentOrder": 7,
    "globalOrder": 37,
    "phaseId": "04-engineering",
    "phaseOrder": 4,
    "sourcePath": "phases/04-engineering/08-security-and-privacy.yml",
  },
  {
    "canonicalDocumentId": "09-sync-and-state",
    "documentId": "09-sync-and-state",
    "documentOrder": 8,
    "globalOrder": 38,
    "phaseId": "04-engineering",
    "phaseOrder": 4,
    "sourcePath": "phases/04-engineering/09-sync-and-state.yml",
  },
  {
    "canonicalDocumentId": "10-testing-strategy",
    "documentId": "10-testing-strategy",
    "documentOrder": 9,
    "globalOrder": 39,
    "phaseId": "04-engineering",
    "phaseOrder": 4,
    "sourcePath": "phases/04-engineering/10-testing-strategy.yml",
  },
  {
    "canonicalDocumentId": "11-observability",
    "documentId": "11-observability",
    "documentOrder": 10,
    "globalOrder": 40,
    "phaseId": "04-engineering",
    "phaseOrder": 4,
    "sourcePath": "phases/04-engineering/11-observability.yml",
  },
  {
    "canonicalDocumentId": "12-deployment-and-environments",
    "documentId": "12-deployment-and-environments",
    "documentOrder": 11,
    "globalOrder": 41,
    "phaseId": "04-engineering",
    "phaseOrder": 4,
    "sourcePath": "phases/04-engineering/12-deployment-and-environments.yml",
  },
  {
    "canonicalDocumentId": "13-engineering-standards",
    "documentId": "13-engineering-standards",
    "documentOrder": 12,
    "globalOrder": 42,
    "phaseId": "04-engineering",
    "phaseOrder": 4,
    "sourcePath": "phases/04-engineering/13-engineering-standards.yml",
  },
  {
    "canonicalDocumentId": "14-technical-risks",
    "documentId": "14-technical-risks",
    "documentOrder": 13,
    "globalOrder": 43,
    "phaseId": "04-engineering",
    "phaseOrder": 4,
    "sourcePath": "phases/04-engineering/14-technical-risks.yml",
  },
  {
    "canonicalDocumentId": "01-go-to-market-brief",
    "documentId": "01-go-to-market-brief",
    "documentOrder": 0,
    "globalOrder": 44,
    "phaseId": "05-go-to-market",
    "phaseOrder": 5,
    "sourcePath": "phases/05-go-to-market/01-go-to-market-brief.yml",
  },
  {
    "canonicalDocumentId": "02-market-definition",
    "documentId": "02-market-definition",
    "documentOrder": 1,
    "globalOrder": 45,
    "phaseId": "05-go-to-market",
    "phaseOrder": 5,
    "sourcePath": "phases/05-go-to-market/02-market-definition.yml",
  },
  {
    "canonicalDocumentId": "03-positioning",
    "documentId": "03-positioning",
    "documentOrder": 2,
    "globalOrder": 46,
    "phaseId": "05-go-to-market",
    "phaseOrder": 5,
    "sourcePath": "phases/05-go-to-market/03-positioning.yml",
  },
  {
    "canonicalDocumentId": "04-messaging",
    "documentId": "04-messaging",
    "documentOrder": 3,
    "globalOrder": 47,
    "phaseId": "05-go-to-market",
    "phaseOrder": 5,
    "sourcePath": "phases/05-go-to-market/04-messaging.yml",
  },
  {
    "canonicalDocumentId": "05-customer-segments",
    "documentId": "05-customer-segments",
    "documentOrder": 4,
    "globalOrder": 48,
    "phaseId": "05-go-to-market",
    "phaseOrder": 5,
    "sourcePath": "phases/05-go-to-market/05-customer-segments.yml",
  },
  {
    "canonicalDocumentId": "06-channel-strategy",
    "documentId": "06-channel-strategy",
    "documentOrder": 5,
    "globalOrder": 49,
    "phaseId": "05-go-to-market",
    "phaseOrder": 5,
    "sourcePath": "phases/05-go-to-market/06-channel-strategy.yml",
  },
  {
    "canonicalDocumentId": "07-launch-plan",
    "documentId": "07-launch-plan",
    "documentOrder": 6,
    "globalOrder": 50,
    "phaseId": "05-go-to-market",
    "phaseOrder": 5,
    "sourcePath": "phases/05-go-to-market/07-launch-plan.yml",
  },
  {
    "canonicalDocumentId": "08-conversion-funnel",
    "documentId": "08-conversion-funnel",
    "documentOrder": 7,
    "globalOrder": 51,
    "phaseId": "05-go-to-market",
    "phaseOrder": 5,
    "sourcePath": "phases/05-go-to-market/08-conversion-funnel.yml",
  },
  {
    "canonicalDocumentId": "09-sales-strategy",
    "documentId": "09-sales-strategy",
    "documentOrder": 8,
    "globalOrder": 52,
    "phaseId": "05-go-to-market",
    "phaseOrder": 5,
    "sourcePath": "phases/05-go-to-market/09-sales-strategy.yml",
  },
  {
    "canonicalDocumentId": "10-pricing-and-packaging",
    "documentId": "10-pricing-and-packaging",
    "documentOrder": 9,
    "globalOrder": 53,
    "phaseId": "05-go-to-market",
    "phaseOrder": 5,
    "sourcePath": "phases/05-go-to-market/10-pricing-and-packaging.yml",
  },
  {
    "canonicalDocumentId": "11-marketing-assets",
    "documentId": "11-marketing-assets",
    "documentOrder": 10,
    "globalOrder": 54,
    "phaseId": "05-go-to-market",
    "phaseOrder": 5,
    "sourcePath": "phases/05-go-to-market/11-marketing-assets.yml",
  },
  {
    "canonicalDocumentId": "12-growth-metrics",
    "documentId": "12-growth-metrics",
    "documentOrder": 11,
    "globalOrder": 55,
    "phaseId": "05-go-to-market",
    "phaseOrder": 5,
    "sourcePath": "phases/05-go-to-market/12-growth-metrics.yml",
  },
  {
    "canonicalDocumentId": "13-go-to-market-risks",
    "documentId": "13-go-to-market-risks",
    "documentOrder": 12,
    "globalOrder": 56,
    "phaseId": "05-go-to-market",
    "phaseOrder": 5,
    "sourcePath": "phases/05-go-to-market/13-go-to-market-risks.yml",
  },
  {
    "canonicalDocumentId": "01-operations-brief",
    "documentId": "01-operations-brief",
    "documentOrder": 0,
    "globalOrder": 57,
    "phaseId": "06-operations",
    "phaseOrder": 6,
    "sourcePath": "phases/06-operations/01-operations-brief.yml",
  },
  {
    "canonicalDocumentId": "02-operating-model",
    "documentId": "02-operating-model",
    "documentOrder": 1,
    "globalOrder": 58,
    "phaseId": "06-operations",
    "phaseOrder": 6,
    "sourcePath": "phases/06-operations/02-operating-model.yml",
  },
  {
    "canonicalDocumentId": "03-team-and-responsibilities",
    "documentId": "03-team-and-responsibilities",
    "documentOrder": 2,
    "globalOrder": 59,
    "phaseId": "06-operations",
    "phaseOrder": 6,
    "sourcePath": "phases/06-operations/03-team-and-responsibilities.yml",
  },
  {
    "canonicalDocumentId": "04-customer-support",
    "documentId": "04-customer-support",
    "documentOrder": 3,
    "globalOrder": 60,
    "phaseId": "06-operations",
    "phaseOrder": 6,
    "sourcePath": "phases/06-operations/04-customer-support.yml",
  },
  {
    "canonicalDocumentId": "05-customer-success",
    "documentId": "05-customer-success",
    "documentOrder": 4,
    "globalOrder": 61,
    "phaseId": "06-operations",
    "phaseOrder": 6,
    "sourcePath": "phases/06-operations/05-customer-success.yml",
  },
  {
    "canonicalDocumentId": "06-business-processes",
    "documentId": "06-business-processes",
    "documentOrder": 5,
    "globalOrder": 62,
    "phaseId": "06-operations",
    "phaseOrder": 6,
    "sourcePath": "phases/06-operations/06-business-processes.yml",
  },
  {
    "canonicalDocumentId": "07-operational-metrics",
    "documentId": "07-operational-metrics",
    "documentOrder": 6,
    "globalOrder": 63,
    "phaseId": "06-operations",
    "phaseOrder": 6,
    "sourcePath": "phases/06-operations/07-operational-metrics.yml",
  },
  {
    "canonicalDocumentId": "08-reporting-and-cadence",
    "documentId": "08-reporting-and-cadence",
    "documentOrder": 7,
    "globalOrder": 64,
    "phaseId": "06-operations",
    "phaseOrder": 6,
    "sourcePath": "phases/06-operations/08-reporting-and-cadence.yml",
  },
  {
    "canonicalDocumentId": "09-incident-management",
    "documentId": "09-incident-management",
    "documentOrder": 8,
    "globalOrder": 65,
    "phaseId": "06-operations",
    "phaseOrder": 6,
    "sourcePath": "phases/06-operations/09-incident-management.yml",
  },
  {
    "canonicalDocumentId": "10-risk-and-compliance",
    "documentId": "10-risk-and-compliance",
    "documentOrder": 9,
    "globalOrder": 66,
    "phaseId": "06-operations",
    "phaseOrder": 6,
    "sourcePath": "phases/06-operations/10-risk-and-compliance.yml",
  },
  {
    "canonicalDocumentId": "11-financial-operations",
    "documentId": "11-financial-operations",
    "documentOrder": 10,
    "globalOrder": 67,
    "phaseId": "06-operations",
    "phaseOrder": 6,
    "sourcePath": "phases/06-operations/11-financial-operations.yml",
  },
  {
    "canonicalDocumentId": "12-knowledge-management",
    "documentId": "12-knowledge-management",
    "documentOrder": 11,
    "globalOrder": 68,
    "phaseId": "06-operations",
    "phaseOrder": 6,
    "sourcePath": "phases/06-operations/12-knowledge-management.yml",
  },
  {
    "canonicalDocumentId": "13-continuous-improvement",
    "documentId": "13-continuous-improvement",
    "documentOrder": 12,
    "globalOrder": 69,
    "phaseId": "06-operations",
    "phaseOrder": 6,
    "sourcePath": "phases/06-operations/13-continuous-improvement.yml",
  },
  {
    "canonicalDocumentId": "14-operational-risks",
    "documentId": "14-operational-risks",
    "documentOrder": 13,
    "globalOrder": 70,
    "phaseId": "06-operations",
    "phaseOrder": 6,
    "sourcePath": "phases/06-operations/14-operational-risks.yml",
  },
]
`;
