// Vitest Snapshot v1, https://vitest.dev/guide/snapshot.html

exports[`Snapshots > snapshot findings for derived artifact boundary violation 1`] = `
[
  {
    "code": "document_derived_artifact_boundary_violation",
    "message": "Derived artifact (executive) is described as canonical/source-of-truth: "The executive report is the canonical source of truth for all decisions."",
    "pointer": "line 8",
    "severity": "error",
  },
]
`;

exports[`Snapshots > snapshot findings for missing required section 1`] = `
[
  {
    "code": "document_missing_required_section",
    "documentCanonicalId": "test-doc",
    "message": "Required section "Body" (body) is missing from the canonical document.",
    "phaseId": "01-test",
    "pointer": "## Body",
    "severity": "error",
  },
]
`;

exports[`Snapshots > snapshot findings for token-like leak with redacted value 1`] = `
[
  {
    "code": "document_token_like_value",
    "message": "OpenAI-style key detected in document",
    "received": "[redacted-secret-like-value]",
    "severity": "error",
  },
  {
    "code": "document_token_like_value",
    "message": "OpenAI project key detected in document",
    "received": "[redacted-secret-like-value]",
    "severity": "error",
  },
  {
    "code": "document_token_like_value",
    "message": "Secret-like key "apiKey" has a non-reference value in document.",
    "received": "[redacted-secret-like-value]",
    "severity": "error",
  },
]
`;

exports[`Snapshots > snapshot findings for unsupported validation claim 1`] = `
[
  {
    "code": "document_unsupported_validation_claim",
    "message": "Document claims validation/proof ("validated") without a visible evidence/source reference nearby.",
    "pointer": "line 8",
    "severity": "warning",
  },
]
`;

exports[`Snapshots > snapshot successful lint summary for valid rendered document 1`] = `
{
  "documentCanonicalId": "test-doc",
  "gate": "pass_with_warnings",
  "phaseId": "01-test",
  "rulesChecked": [
    "contradiction",
    "derived-artifact-boundary",
    "evidence-boundary",
    "plan-status",
    "required-sections",
    "token-leak",
    "traceability",
    "unresolved-questions-marking",
  ],
  "summary": {
    "bySeverity": {
      "error": 0,
      "fatal": 0,
      "info": 1,
      "warning": 1,
    },
    "bySource": {
      "validation_service": 2,
    },
    "totalFindings": 2,
  },
}
`;
