// Vitest Snapshot v1, https://vitest.dev/guide/snapshot.html

exports[`performance report snapshot > snapshots a baseline report 1`] = `
[
  {
    "durationMs": 12.34,
    "notes": "temp workspace",
    "operation": "state-read",
    "status": "pass",
    "thresholdMs": 1000,
  },
  {
    "durationMs": 45.67,
    "notes": "temp workspace",
    "operation": "state-write",
    "status": "pass",
    "thresholdMs": 2000,
  },
]
`;

exports[`performance report snapshot > snapshots a baseline report 2`] = `"pass"`;

exports[`performance report snapshot > snapshots a baseline report 3`] = `"Results are local and approximate. No telemetry is collected. Variations across machines and loads are expected."`;
