// Vitest Snapshot v1, https://vitest.dev/guide/snapshot.html

exports[`WorkspaceState schema > snapshot tests > default initialized state matches snapshot > default-workspace-state 1`] = `
{
  "artifacts": [],
  "assumptions": [],
  "auditEvents": [],
  "decisions": [],
  "documentation": {
    "isDefault": true,
    "rootPath": "logos/",
    "wasExplicitlyConfigured": false,
  },
  "generationRuns": [],
  "migrations": [],
  "openQuestions": [],
  "profile": {
    "lockedAt": "2024-01-01T00:00:00.000Z",
    "profileId": "standard",
    "profileVersion": undefined,
    "source": "bundled",
  },
  "proposals": [],
  "provider": undefined,
  "risks": [],
  "runs": [],
  "schemaVersion": "3.1.0",
  "sessions": [],
  "validationRuns": [],
  "workspace": {
    "createdAt": "2024-01-01T00:00:00.000Z",
    "initializationState": "uninitialized",
    "initializedBy": undefined,
    "projectRootPath": "/test/project",
    "updatedAt": "2024-01-01T00:00:00.000Z",
    "workspaceId": "snapshot-workspace",
  },
}
`;

exports[`WorkspaceState schema > snapshot tests > sample populated state matches snapshot > sample-workspace-state 1`] = `
{
  "artifacts": [
    {
      "artifactId": "art-001",
      "artifactType": "canonical_markdown",
      "checksum": "abc123",
      "generatedAt": "2024-06-12T00:10:00.000Z",
      "isCanonical": true,
      "metadata": {
        "generator": "v1",
      },
      "path": "logos/docs/frontend.md",
      "runId": "gen-001",
      "sourceDocumentIds": [
        "docs/frontend",
      ],
      "status": "generated",
    },
  ],
  "assumptions": [
    {
      "affectedDocumentIds": [
        "docs/frontend",
      ],
      "body": "Target users use browsers supporting ES2022.",
      "caveat": "May need polyfills for corporate environments.",
      "createdAt": "2024-06-01T00:00:00.000Z",
      "id": "asm-001",
      "sourceRefs": [
        "session-001",
      ],
      "status": "active",
      "title": "Users have modern browsers",
      "updatedAt": "2024-06-01T00:00:00.000Z",
    },
  ],
  "auditEvents": [
    {
      "actor": "user",
      "changedPaths": [
        ".logos/workspace.json",
      ],
      "commandRef": "/init",
      "eventId": "evt-001",
      "eventType": "workspace_initialized",
      "summary": "Workspace initialized with standard profile.",
      "targetPath": ".logos/",
      "timestamp": "2024-06-01T00:00:00.000Z",
    },
  ],
  "decisions": [
    {
      "affectedDocumentIds": [
        "docs/frontend",
      ],
      "body": "We decided to use React for the frontend framework.",
      "confidence": "high",
      "createdAt": "2024-06-01T00:00:00.000Z",
      "id": "dec-001",
      "sourceRefs": [
        "session-001",
      ],
      "status": "confirmed",
      "title": "Use React for frontend",
      "updatedAt": "2024-06-01T00:00:00.000Z",
    },
  ],
  "documentation": {
    "isDefault": true,
    "rootPath": "logos/",
    "wasExplicitlyConfigured": false,
  },
  "generationRuns": [
    {
      "changedPaths": [
        "logos/docs/frontend.md",
      ],
      "command": "/generate",
      "completedAt": "2024-06-12T00:10:00.000Z",
      "dryRun": false,
      "errors": [],
      "relatedArtifactIds": [
        "art-001",
      ],
      "runId": "gen-001",
      "runType": "generation",
      "startedAt": "2024-06-12T00:00:00.000Z",
      "status": "complete",
      "warnings": [],
    },
  ],
  "migrations": [
    {
      "appliedAt": "2024-06-15T12:00:00.000Z",
      "errors": [],
      "fromSchemaVersion": "3.0.0",
      "migrationId": "mig-001",
      "notes": "Added provider config reference schema.",
      "status": "applied",
      "toSchemaVersion": "3.1.0",
    },
  ],
  "openQuestions": [
    {
      "affectedDocumentIds": [
        "docs/infrastructure",
      ],
      "body": "Need to decide between Vercel, AWS, or self-hosted.",
      "createdAt": "2024-06-01T00:00:00.000Z",
      "id": "q-001",
      "question": "What is the target deployment platform?",
      "sourceRefs": [
        "session-001",
      ],
      "status": "open",
      "updatedAt": "2024-06-01T00:00:00.000Z",
    },
  ],
  "profile": {
    "lockedAt": "2024-06-01T00:00:00.000Z",
    "profileId": "standard",
    "profileVersion": "1.0.0",
    "source": "bundled",
  },
  "proposals": [],
  "provider": {
    "disclosureAcceptedAt": "2024-06-01T00:00:00.000Z",
    "enabled": true,
    "modelId": "gpt-4o",
    "providerId": "openai",
    "providerName": "OpenAI",
    "tokenEnvVarName": "OPENAI_API_KEY",
  },
  "risks": [
    {
      "affectedDocumentIds": [
        "docs/infrastructure",
      ],
      "body": "If OpenAI changes pricing or terms, migration effort is required.",
      "createdAt": "2024-06-01T00:00:00.000Z",
      "id": "risk-001",
      "rationale": "We accept this risk for faster time-to-market.",
      "severity": "medium",
      "sourceRefs": [
        "session-001",
      ],
      "status": "monitored",
      "title": "Vendor lock-in with OpenAI",
      "updatedAt": "2024-06-01T00:00:00.000Z",
    },
  ],
  "runs": [],
  "schemaVersion": "3.1.0",
  "sessions": [
    {
      "commandOrTrigger": "/continue",
      "endedAt": "2024-06-01T01:00:00.000Z",
      "relatedArtifactIds": [],
      "relatedDecisionIds": [
        "dec-001",
      ],
      "relatedQuestionIds": [
        "q-001",
      ],
      "relatedRunIds": [],
      "sessionId": "session-001",
      "sessionType": "intake",
      "startedAt": "2024-06-01T00:00:00.000Z",
      "status": "completed",
      "summary": "Initial project intake completed.",
    },
  ],
  "validationRuns": [
    {
      "changedPaths": [],
      "command": "/validate",
      "completedAt": "2024-06-10T00:05:00.000Z",
      "dryRun": false,
      "errors": [],
      "findingIds": [
        "finding-001",
      ],
      "relatedArtifactIds": [],
      "runId": "val-001",
      "runType": "validation",
      "startedAt": "2024-06-10T00:00:00.000Z",
      "status": "complete",
      "warnings": [],
    },
  ],
  "workspace": {
    "createdAt": "2024-06-01T00:00:00.000Z",
    "initializationState": "uninitialized",
    "initializedBy": undefined,
    "projectRootPath": "/tmp/test-repo",
    "updatedAt": "2024-06-15T12:00:00.000Z",
    "workspaceId": "test-workspace-002",
  },
}
`;
